// Jest Snapshot v1, https://goo.gl/fbAQLP

exports[`HomePage Component renders consistently 1`] = `
<div
  class="MuiContainer-root MuiContainer-maxWidthLg css-1oqqzyl-MuiContainer-root"
  data-testid="home-page"
>
  <div
    class="MuiBox-root css-h1cc6w"
  >
    <h1
      class="MuiTypography-root MuiTypography-h1 MuiTypography-gutterBottom css-d4capo-MuiTypography-root"
    >
      ðŸ“š BookReview
    </h1>
    <p
      class="MuiTypography-root MuiTypography-h4 css-1t972pu-MuiTypography-root"
    >
      Discover Your Next Favorite Book
    </p>
    <p
      class="MuiTypography-root MuiTypography-h6 css-14aq1uo-MuiTypography-root"
    >
      Explore our vast collection of books, read reviews from fellow readers, and get AI-powered recommendations tailored just for you.
    </p>
  </div>
  <div
    class="MuiPaper-root MuiPaper-elevation MuiPaper-rounded MuiPaper-elevation1 css-19xpdw9-MuiPaper-root"
  >
    <h5
      class="MuiTypography-root MuiTypography-h5 MuiTypography-gutterBottom css-14y9e0a-MuiTypography-root"
    >
      <svg
        aria-hidden="true"
        class="MuiSvgIcon-root MuiSvgIcon-fontSizeMedium css-2y09li-MuiSvgIcon-root"
        data-testid="SearchIcon"
        focusable="false"
        viewBox="0 0 24 24"
      >
        <path
          d="M15.5 14h-.79l-.28-.27C15.41 12.59 16 11.11 16 9.5 16 5.91 13.09 3 9.5 3S3 5.91 3 9.5 5.91 16 9.5 16c1.61 0 3.09-.59 4.23-1.57l.27.28v.79l5 4.99L20.49 19zm-6 0C7.01 14 5 11.99 5 9.5S7.01 5 9.5 5 14 7.01 14 9.5 11.99 14 9.5 14"
        />
      </svg>
      Find Your Perfect Book
    </h5>
    <div
      class="MuiGrid-root MuiGrid-container MuiGrid-spacing-xs-3 css-18ksmt-MuiGrid-root"
    >
      <div
        class="MuiGrid-root MuiGrid-item MuiGrid-grid-xs-12 MuiGrid-grid-md-3 css-iv7vbz-MuiGrid-root"
      >
        <div
          class="MuiFormControl-root MuiFormControl-fullWidth MuiTextField-root css-wb57ya-MuiFormControl-root-MuiTextField-root"
        >
          <div
            class="MuiInputBase-root MuiOutlinedInput-root MuiInputBase-colorPrimary MuiInputBase-fullWidth MuiInputBase-formControl MuiInputBase-adornedStart MuiInputBase-adornedEnd css-1gywuxd-MuiInputBase-root-MuiOutlinedInput-root"
          >
            <div
              class="MuiInputAdornment-root MuiInputAdornment-positionStart MuiInputAdornment-outlined MuiInputAdornment-sizeMedium css-ittuaa-MuiInputAdornment-root"
            >
              <span
                class="notranslate"
              >
                â€‹
              </span>
              <svg
                aria-hidden="true"
                class="MuiSvgIcon-root MuiSvgIcon-fontSizeMedium css-i4bv87-MuiSvgIcon-root"
                data-testid="SearchIcon"
                focusable="false"
                viewBox="0 0 24 24"
              >
                <path
                  d="M15.5 14h-.79l-.28-.27C15.41 12.59 16 11.11 16 9.5 16 5.91 13.09 3 9.5 3S3 5.91 3 9.5 5.91 16 9.5 16c1.61 0 3.09-.59 4.23-1.57l.27.28v.79l5 4.99L20.49 19zm-6 0C7.01 14 5 11.99 5 9.5S7.01 5 9.5 5 14 7.01 14 9.5 11.99 14 9.5 14"
                />
              </svg>
            </div>
            <input
              aria-invalid="false"
              class="MuiInputBase-input MuiOutlinedInput-input MuiInputBase-inputAdornedStart MuiInputBase-inputAdornedEnd css-152mnda-MuiInputBase-input-MuiOutlinedInput-input"
              id=":r4u:"
              placeholder="Search books, authors, or genres..."
              type="text"
              value=""
            />
            <div
              class="MuiInputAdornment-root MuiInputAdornment-positionEnd MuiInputAdornment-outlined MuiInputAdornment-sizeMedium css-1laqsz7-MuiInputAdornment-root"
            >
              <button
                class="MuiButtonBase-root MuiIconButton-root MuiIconButton-sizeMedium css-78trlr-MuiButtonBase-root-MuiIconButton-root"
                tabindex="0"
                type="button"
              >
                <svg
                  aria-hidden="true"
                  class="MuiSvgIcon-root MuiSvgIcon-fontSizeMedium css-i4bv87-MuiSvgIcon-root"
                  data-testid="SearchIcon"
                  focusable="false"
                  viewBox="0 0 24 24"
                >
                  <path
                    d="M15.5 14h-.79l-.28-.27C15.41 12.59 16 11.11 16 9.5 16 5.91 13.09 3 9.5 3S3 5.91 3 9.5 5.91 16 9.5 16c1.61 0 3.09-.59 4.23-1.57l.27.28v.79l5 4.99L20.49 19zm-6 0C7.01 14 5 11.99 5 9.5S7.01 5 9.5 5 14 7.01 14 9.5 11.99 14 9.5 14"
                  />
                </svg>
                <span
                  class="MuiTouchRipple-root css-8je8zh-MuiTouchRipple-root"
                />
              </button>
            </div>
            <fieldset
              aria-hidden="true"
              class="MuiOutlinedInput-notchedOutline css-r01yff-MuiNotchedOutlined-root-MuiOutlinedInput-notchedOutline"
            >
              <legend
                class="css-1whs34k-MuiNotchedOutlined-root"
              >
                <span
                  class="notranslate"
                >
                  â€‹
                </span>
              </legend>
            </fieldset>
          </div>
        </div>
      </div>
      <div
        class="MuiGrid-root MuiGrid-item MuiGrid-grid-xs-12 MuiGrid-grid-md-2 css-12xeub0-MuiGrid-root"
      >
        <div
          class="MuiFormControl-root MuiFormControl-fullWidth css-q8hpuo-MuiFormControl-root"
        >
          <label
            class="MuiFormLabel-root MuiInputLabel-root MuiInputLabel-formControl MuiInputLabel-animated MuiInputLabel-sizeMedium MuiInputLabel-outlined MuiFormLabel-colorPrimary MuiInputLabel-root MuiInputLabel-formControl MuiInputLabel-animated MuiInputLabel-sizeMedium MuiInputLabel-outlined css-14s5rfu-MuiFormLabel-root-MuiInputLabel-root"
            data-shrink="false"
          >
            Genre
          </label>
          <div
            class="MuiInputBase-root MuiOutlinedInput-root MuiInputBase-colorPrimary MuiInputBase-formControl css-1yk1gt9-MuiInputBase-root-MuiOutlinedInput-root-MuiSelect-root"
          >
            <div
              aria-controls=":r4v:"
              aria-expanded="false"
              aria-haspopup="listbox"
              class="MuiSelect-select MuiSelect-outlined MuiInputBase-input MuiOutlinedInput-input css-11u53oe-MuiSelect-select-MuiInputBase-input-MuiOutlinedInput-input"
              role="combobox"
              tabindex="0"
            >
              <span
                class="notranslate"
              >
                â€‹
              </span>
            </div>
            <input
              aria-hidden="true"
              aria-invalid="false"
              class="MuiSelect-nativeInput css-yf8vq0-MuiSelect-nativeInput"
              tabindex="-1"
              value=""
            />
            <svg
              aria-hidden="true"
              class="MuiSvgIcon-root MuiSvgIcon-fontSizeMedium MuiSelect-icon MuiSelect-iconOutlined css-hfutr2-MuiSvgIcon-root-MuiSelect-icon"
              data-testid="ArrowDropDownIcon"
              focusable="false"
              viewBox="0 0 24 24"
            >
              <path
                d="M7 10l5 5 5-5z"
              />
            </svg>
            <fieldset
              aria-hidden="true"
              class="MuiOutlinedInput-notchedOutline css-r01yff-MuiNotchedOutlined-root-MuiOutlinedInput-notchedOutline"
            >
              <legend
                class="css-njhac4-MuiNotchedOutlined-root"
              >
                <span>
                  Genre
                </span>
              </legend>
            </fieldset>
          </div>
        </div>
      </div>
      <div
        class="MuiGrid-root MuiGrid-item MuiGrid-grid-xs-12 MuiGrid-grid-md-2 css-12xeub0-MuiGrid-root"
      >
        <div
          class="MuiFormControl-root MuiFormControl-fullWidth css-q8hpuo-MuiFormControl-root"
        >
          <label
            class="MuiFormLabel-root MuiInputLabel-root MuiInputLabel-formControl MuiInputLabel-animated MuiInputLabel-sizeMedium MuiInputLabel-outlined MuiFormLabel-colorPrimary MuiInputLabel-root MuiInputLabel-formControl MuiInputLabel-animated MuiInputLabel-sizeMedium MuiInputLabel-outlined css-14s5rfu-MuiFormLabel-root-MuiInputLabel-root"
            data-shrink="false"
          >
            Rating
          </label>
          <div
            class="MuiInputBase-root MuiOutlinedInput-root MuiInputBase-colorPrimary MuiInputBase-formControl css-1yk1gt9-MuiInputBase-root-MuiOutlinedInput-root-MuiSelect-root"
          >
            <div
              aria-controls=":r50:"
              aria-expanded="false"
              aria-haspopup="listbox"
              class="MuiSelect-select MuiSelect-outlined MuiInputBase-input MuiOutlinedInput-input css-11u53oe-MuiSelect-select-MuiInputBase-input-MuiOutlinedInput-input"
              role="combobox"
              tabindex="0"
            >
              <span
                class="notranslate"
              >
                â€‹
              </span>
            </div>
            <input
              aria-hidden="true"
              aria-invalid="false"
              class="MuiSelect-nativeInput css-yf8vq0-MuiSelect-nativeInput"
              tabindex="-1"
              value=""
            />
            <svg
              aria-hidden="true"
              class="MuiSvgIcon-root MuiSvgIcon-fontSizeMedium MuiSelect-icon MuiSelect-iconOutlined css-hfutr2-MuiSvgIcon-root-MuiSelect-icon"
              data-testid="ArrowDropDownIcon"
              focusable="false"
              viewBox="0 0 24 24"
            >
              <path
                d="M7 10l5 5 5-5z"
              />
            </svg>
            <fieldset
              aria-hidden="true"
              class="MuiOutlinedInput-notchedOutline css-r01yff-MuiNotchedOutlined-root-MuiOutlinedInput-notchedOutline"
            >
              <legend
                class="css-njhac4-MuiNotchedOutlined-root"
              >
                <span>
                  Rating
                </span>
              </legend>
            </fieldset>
          </div>
        </div>
      </div>
      <div
        class="MuiGrid-root MuiGrid-item MuiGrid-grid-xs-12 MuiGrid-grid-md-2 css-12xeub0-MuiGrid-root"
      >
        <div
          class="MuiFormControl-root MuiFormControl-fullWidth css-q8hpuo-MuiFormControl-root"
        >
          <label
            class="MuiFormLabel-root MuiInputLabel-root MuiInputLabel-formControl MuiInputLabel-animated MuiInputLabel-shrink MuiInputLabel-sizeMedium MuiInputLabel-outlined MuiFormLabel-colorPrimary MuiFormLabel-filled MuiInputLabel-root MuiInputLabel-formControl MuiInputLabel-animated MuiInputLabel-shrink MuiInputLabel-sizeMedium MuiInputLabel-outlined css-1jy569b-MuiFormLabel-root-MuiInputLabel-root"
            data-shrink="true"
          >
            Sort By
          </label>
          <div
            class="MuiInputBase-root MuiOutlinedInput-root MuiInputBase-colorPrimary MuiInputBase-formControl css-1yk1gt9-MuiInputBase-root-MuiOutlinedInput-root-MuiSelect-root"
          >
            <div
              aria-controls=":r51:"
              aria-expanded="false"
              aria-haspopup="listbox"
              class="MuiSelect-select MuiSelect-outlined MuiInputBase-input MuiOutlinedInput-input css-11u53oe-MuiSelect-select-MuiInputBase-input-MuiOutlinedInput-input"
              role="combobox"
              tabindex="0"
            >
              Title
            </div>
            <input
              aria-hidden="true"
              aria-invalid="false"
              class="MuiSelect-nativeInput css-yf8vq0-MuiSelect-nativeInput"
              tabindex="-1"
              value="title"
            />
            <svg
              aria-hidden="true"
              class="MuiSvgIcon-root MuiSvgIcon-fontSizeMedium MuiSelect-icon MuiSelect-iconOutlined css-hfutr2-MuiSvgIcon-root-MuiSelect-icon"
              data-testid="ArrowDropDownIcon"
              focusable="false"
              viewBox="0 0 24 24"
            >
              <path
                d="M7 10l5 5 5-5z"
              />
            </svg>
            <fieldset
              aria-hidden="true"
              class="MuiOutlinedInput-notchedOutline css-r01yff-MuiNotchedOutlined-root-MuiOutlinedInput-notchedOutline"
            >
              <legend
                class="css-sl37lx-MuiNotchedOutlined-root"
              >
                <span>
                  Sort By
                </span>
              </legend>
            </fieldset>
          </div>
        </div>
      </div>
      <div
        class="MuiGrid-root MuiGrid-item MuiGrid-grid-xs-12 MuiGrid-grid-md-1 css-1dfagy3-MuiGrid-root"
      >
        <button
          class="MuiButtonBase-root MuiButton-root MuiButton-outlined MuiButton-outlinedPrimary MuiButton-sizeMedium MuiButton-outlinedSizeMedium MuiButton-colorPrimary MuiButton-fullWidth MuiButton-root MuiButton-outlined MuiButton-outlinedPrimary MuiButton-sizeMedium MuiButton-outlinedSizeMedium MuiButton-colorPrimary MuiButton-fullWidth css-1hhf3p6-MuiButtonBase-root-MuiButton-root"
          tabindex="0"
          type="button"
        >
          <span
            class="MuiButton-icon MuiButton-startIcon MuiButton-iconSizeMedium css-1d6wzja-MuiButton-startIcon"
          >
            <svg
              aria-hidden="true"
              class="MuiSvgIcon-root MuiSvgIcon-fontSizeMedium css-i4bv87-MuiSvgIcon-root"
              data-testid="RefreshIcon"
              focusable="false"
              viewBox="0 0 24 24"
            >
              <path
                d="M17.65 6.35C16.2 4.9 14.21 4 12 4c-4.42 0-7.99 3.58-7.99 8s3.57 8 7.99 8c3.73 0 6.84-2.55 7.73-6h-2.08c-.82 2.33-3.04 4-5.65 4-3.31 0-6-2.69-6-6s2.69-6 6-6c1.66 0 3.14.69 4.22 1.78L13 11h7V4z"
              />
            </svg>
          </span>
          Refresh
          <span
            class="MuiTouchRipple-root css-8je8zh-MuiTouchRipple-root"
          />
        </button>
      </div>
    </div>
  </div>
  <div
    class="MuiBox-root css-1muzjf8"
  >
    <div
      class="MuiTabs-root css-1ujnqem-MuiTabs-root"
    >
      <div
        class="MuiTabs-scroller MuiTabs-fixed css-jpln7h-MuiTabs-scroller"
        style="overflow: hidden; margin-bottom: 0px;"
      >
        <div
          class="MuiTabs-flexContainer css-heg063-MuiTabs-flexContainer"
          role="tablist"
        >
          <button
            aria-selected="true"
            class="MuiButtonBase-root MuiTab-root MuiTab-textColorPrimary Mui-selected css-1h9z7r5-MuiButtonBase-root-MuiTab-root"
            role="tab"
            tabindex="0"
            type="button"
          >
            All Books
            <span
              class="MuiTouchRipple-root css-8je8zh-MuiTouchRipple-root"
            />
          </button>
          <button
            aria-selected="false"
            class="MuiButtonBase-root MuiTab-root MuiTab-textColorPrimary css-1h9z7r5-MuiButtonBase-root-MuiTab-root"
            role="tab"
            tabindex="-1"
            type="button"
          >
            AI Recommended
            <span
              class="MuiTouchRipple-root css-8je8zh-MuiTouchRipple-root"
            />
          </button>
        </div>
        <span
          class="MuiTabs-indicator css-1aquho2-MuiTabs-indicator"
          style="left: 0px; width: 0px;"
        />
      </div>
    </div>
  </div>
  <div
    class="MuiBox-root css-zzzt33"
  >
    <span
      class="MuiCircularProgress-root MuiCircularProgress-indeterminate MuiCircularProgress-colorPrimary css-18lrjg1-MuiCircularProgress-root"
      role="progressbar"
      style="width: 40px; height: 40px;"
    >
      <svg
        class="MuiCircularProgress-svg css-1idz92c-MuiCircularProgress-svg"
        viewBox="22 22 44 44"
      >
        <circle
          class="MuiCircularProgress-circle MuiCircularProgress-circleIndeterminate css-176wh8e-MuiCircularProgress-circle"
          cx="44"
          cy="44"
          fill="none"
          r="20.2"
          stroke-width="3.6"
        />
      </svg>
    </span>
  </div>
  <div
    aria-labelledby="home-tab-0"
    id="home-tabpanel-0"
    role="tabpanel"
  >
    <div
      class="MuiBox-root css-1phy807"
    >
      <div
        class="MuiGrid-root MuiGrid-container MuiGrid-spacing-xs-3 css-zow5z4-MuiGrid-root"
      />
      <div
        class="MuiBox-root css-hwdqgu"
      >
        <div
          class="MuiBox-root css-j0ozid"
        >
          <p
            class="MuiTypography-root MuiTypography-body2 css-r40f8v-MuiTypography-root"
          >
            Show:
          </p>
          <div
            class="MuiFormControl-root css-os7j8m-MuiFormControl-root"
          >
            <div
              class="MuiInputBase-root MuiOutlinedInput-root MuiInputBase-colorPrimary MuiInputBase-formControl MuiInputBase-sizeSmall css-1yk1gt9-MuiInputBase-root-MuiOutlinedInput-root-MuiSelect-root"
            >
              <div
                aria-controls=":r52:"
                aria-expanded="false"
                aria-haspopup="listbox"
                class="MuiSelect-select MuiSelect-outlined MuiInputBase-input MuiOutlinedInput-input MuiInputBase-inputSizeSmall css-jedpe8-MuiSelect-select-MuiInputBase-input-MuiOutlinedInput-input"
                role="combobox"
                tabindex="0"
              >
                <span
                  class="notranslate"
                >
                  â€‹
                </span>
              </div>
              <input
                aria-hidden="true"
                aria-invalid="false"
                class="MuiSelect-nativeInput css-yf8vq0-MuiSelect-nativeInput"
                tabindex="-1"
                value="24"
              />
              <svg
                aria-hidden="true"
                class="MuiSvgIcon-root MuiSvgIcon-fontSizeMedium MuiSelect-icon MuiSelect-iconOutlined css-hfutr2-MuiSvgIcon-root-MuiSelect-icon"
                data-testid="ArrowDropDownIcon"
                focusable="false"
                viewBox="0 0 24 24"
              >
                <path
                  d="M7 10l5 5 5-5z"
                />
              </svg>
              <fieldset
                aria-hidden="true"
                class="MuiOutlinedInput-notchedOutline css-r01yff-MuiNotchedOutlined-root-MuiOutlinedInput-notchedOutline"
              >
                <legend
                  class="css-1whs34k-MuiNotchedOutlined-root"
                >
                  <span
                    class="notranslate"
                  >
                    â€‹
                  </span>
                </legend>
              </fieldset>
            </div>
          </div>
          <p
            class="MuiTypography-root MuiTypography-body2 css-r40f8v-MuiTypography-root"
          >
            books per page
          </p>
        </div>
      </div>
    </div>
  </div>
  <div
    aria-labelledby="home-tab-1"
    hidden=""
    id="home-tabpanel-1"
    role="tabpanel"
  />
  <div
    class="MuiPaper-root MuiPaper-elevation MuiPaper-rounded MuiPaper-elevation1 css-17d5d4o-MuiPaper-root"
  >
    <h5
      class="MuiTypography-root MuiTypography-h5 MuiTypography-gutterBottom css-cbgvx5-MuiTypography-root"
    >
      Why Choose BookReview?
    </h5>
    <div
      class="MuiGrid-root MuiGrid-container MuiGrid-spacing-xs-3 css-zow5z4-MuiGrid-root"
    >
      <div
        class="MuiGrid-root MuiGrid-item MuiGrid-grid-xs-12 MuiGrid-grid-md-4 css-1lj5egr-MuiGrid-root"
      >
        <div
          class="MuiBox-root css-xi606m"
        >
          <svg
            aria-hidden="true"
            class="MuiSvgIcon-root MuiSvgIcon-fontSizeMedium css-zx50rb-MuiSvgIcon-root"
            data-testid="StarIcon"
            focusable="false"
            viewBox="0 0 24 24"
          >
            <path
              d="M12 17.27 18.18 21l-1.64-7.03L22 9.24l-7.19-.61L12 2 9.19 8.63 2 9.24l5.46 4.73L5.82 21z"
            />
          </svg>
          <h6
            class="MuiTypography-root MuiTypography-h6 MuiTypography-gutterBottom css-18k87ye-MuiTypography-root"
          >
            Trusted Reviews
          </h6>
          <p
            class="MuiTypography-root MuiTypography-body2 css-r40f8v-MuiTypography-root"
          >
            Read honest reviews from real readers before you buy
          </p>
        </div>
      </div>
      <div
        class="MuiGrid-root MuiGrid-item MuiGrid-grid-xs-12 MuiGrid-grid-md-4 css-1lj5egr-MuiGrid-root"
      >
        <div
          class="MuiBox-root css-xi606m"
        >
          <svg
            aria-hidden="true"
            class="MuiSvgIcon-root MuiSvgIcon-fontSizeMedium css-zx50rb-MuiSvgIcon-root"
            data-testid="StarIcon"
            focusable="false"
            viewBox="0 0 24 24"
          >
            <path
              d="M12 17.27 18.18 21l-1.64-7.03L22 9.24l-7.19-.61L12 2 9.19 8.63 2 9.24l5.46 4.73L5.82 21z"
            />
          </svg>
          <h6
            class="MuiTypography-root MuiTypography-h6 MuiTypography-gutterBottom css-18k87ye-MuiTypography-root"
          >
            Community Reviews
          </h6>
          <p
            class="MuiTypography-root MuiTypography-body2 css-r40f8v-MuiTypography-root"
          >
            Join our community of readers and share your thoughts
          </p>
        </div>
      </div>
      <div
        class="MuiGrid-root MuiGrid-item MuiGrid-grid-xs-12 MuiGrid-grid-md-4 css-1lj5egr-MuiGrid-root"
      >
        <div
          class="MuiBox-root css-xi606m"
        >
          <svg
            aria-hidden="true"
            class="MuiSvgIcon-root MuiSvgIcon-fontSizeMedium css-zx50rb-MuiSvgIcon-root"
            data-testid="TrendingUpIcon"
            focusable="false"
            viewBox="0 0 24 24"
          >
            <path
              d="m16 6 2.29 2.29-4.88 4.88-4-4L2 16.59 3.41 18l6-6 4 4 6.3-6.29L22 12V6z"
            />
          </svg>
          <h6
            class="MuiTypography-root MuiTypography-h6 MuiTypography-gutterBottom css-18k87ye-MuiTypography-root"
          >
            Trending Books
          </h6>
          <p
            class="MuiTypography-root MuiTypography-body2 css-r40f8v-MuiTypography-root"
          >
            Discover what's popular and trending in the reading community
          </p>
        </div>
      </div>
    </div>
  </div>
</div>
`;
